Afghanistan
Afrique
Albania
Albanie
Alderney
Algeria
Algérie
Allemagne
America
Amérique
Amériques
American Samoa
Andorra
Andorre
Angleterre
Anglo-Normandes
Angola
Anguilla
Antigua and Barbuda
Antigua et Barbuda
Antilles
Antilles Néerlandaises
Arabie Saoudite
Argentina
Argentine
Arménie
Aruba
Atoll de Johnston
Atoll de Palmyra
Australia
Australie
Austria
Autriche
Azerbadjan
Bahamas
Bahrain
Bahreïn
Bangladesh
Barbade
Barbados
Bassas
Bassas da India
Belarus
Belau
Belgique
Belgium
Belize
Benin
Bermuda
Bermudes
Bhoutan
Bhutan
Bhutan
Bielorussie
Birmanie
Bolivia
Bolivie
Bora
Bosnia
Bosnie
Botswana
Brazil
Britain
British Indian Ocean Territory
Brunei
Brésil
Bulgaria
Bulgarie
Burkina
Burkina Faso
Burma
Burundi
Bélarus
Bénin
Cambodge
Cambodia
Cameroon
Cameroun
Canada
CapVert
Cape Verde
Centrafricaine
Central African Republic
Chad
Chile
Chili
China
Chine
Chypre
Colombia
Colombie
Comores
Comoros
Congo
Corée
Costa Rica
Croatia
Croatie
Cuba
Cyprus
Czechoslovakia
Côte
Danemark
Denmark
Djibouti
Dominica
Dominicaine
Dominican Republic
Dominique
East Germany
Ecuador
Egypt
El Salvador
Emirates
Equatorial Guinea
Espagne
Estonia
Estonie
Ethiopia
Federal Republic of Germany
Federated States of Micronesia
Fidji
Fiji
Finland
Finlande
France
French Guiana
French Polynesia
French Southern and Antarctic Lands
Gabon
Gambia
Gambie
Gaza Strip
German Democratic Republic
Germany
Ghana
Gibraltar
Great Britain
Greece
Greenland
Grenada
Grenade
Groenland
Grèce
Guadeloupe
Guam
Guatemala
Guernesey
Guernsey
Guinea
Guinée
Guinée équatoriale
Guinée-Bissau
Guyana
Guyane
Guyane Française
Géorgie
Haiti
Haïti
Herm
Holland
Honduras
Hong Kong
Hongkong
Hongrie
Hungary
Iceland
Inde
India
Indonesia
Indonésie
Irak
Iran
Iraq
Iraq - Saudia Arabia Neutral Zone
Ireland
Irlande
Islande
Islands
Isle of Man
Israel
Israël
Italie
Italy
Ivory Coast
Jamaica
Jamaïque
Jan Mayen
Japan
Japon
Jersey
Jersey (UK) voir Jersey
Johnston Atoll
Jordan
Jordanie
Katar
Kazakhie
Kazakhstan
Kenya
Kingman Reef
Kingman Reef
Kirghizie
Kirghizistan
Kiribati
Korea
Koweït
Kuwait
Laos
Latin America
Latvia
Lebanon
Lesotho
Lettonie
Liban
Liberia
Libya
Libye
Libéria
Liechtenstein
Lithuania
Lithuanie
Lituanie
Luxembourg
Macao (PO)
Macau
Macédoine
Madagascar
Malaisie
Malawi
Malaysia
Maldives
Mali
Malta
Malte
Maroc
Martinique
Maurice
Mauritania
Mauritanie
Mauritius
Maurétanie
Mayotte
Mexico
Mexique
Micronésie
Miquelon (FR)
Moldavie
Monaco
Mongolia
Mongolie
Montenegro
Montserrat
Morocco
Mozambique
Myanmar
NZ
Namibia
Namibie
Nauru
Nepal
Netherlands
Netherlands Antilles
Nevis
New Caledonia
New Zealand
Nicaragua
Niger
Nigeria
Niue
Normandes
North Korea
Norvège
Norway
Nouvelle-Calédonie
Nouvelle-Guinée
Nouvelle-Zélande
Népal
Oman
Ouganda
Ouzbékistan
Pakistan
Palau
Palestine
Palmyra Atoll
Panama
Papoua
Papouasie
Papua New Guinea
Paraguay
Peru
Philippines
Poland
Pologne
Polynésie
Polynésie Française
Polynésie française
Porto Rico
Portugal
Puerto Rico
Pérou
Qatar
Reunion
Romania
Rouanda
Roumanie
Royaume
Royaume-Uni
Ruanda
Russia
Russie
Rwanda
République Tchèque
Sahara Occidental
Saint Kittset
Saint Vincent
Saint-Pierreet
Sainte-Hlène
Sainte-Lucie
Samoa
Samoa américaines
Samoa occidentales
San Marino
Sao Tome and Principe
Sao Tomé et  Principe
Saudi Arabia
Senegal
Serbie et Monténégro
Seychelles
Sierra Leone
Singapore
Singapour
Slovaquie
Slovénie
Somalia
Somalie
Souaziland
Soudan
South Africa
South Korea
Soviet Union
Spain
Sri Lanka
SriLanka
St.Barthélemy
Sudan
Suisse
Surinam (Guyane
Suriname
Suède
Svalbard
Svalbard (NO)
Swaziland
Sweden
Switzerland
Syria
Syrie
Sénégal
Tadjikistan
Taiwan
Tanzania
Tanzanie
Taïwan
Tchad
Tchècoslovaquie
Thailand
Thaïlande
The Netherlands
Tibet
Togo
Tokelau
Tonga
Trinidad and Tobago
Trinité et Tobago
Trust Territory of the Pacific
Tunisia
Tunisie
Tunésie
Turkey
Turkménistan
Turquie
Tuvalu
U K
U.K.
U S
U.S.
U S A
U.S.A.
U S S R
U.S.S.R.
UAE
UK
US
USA
USSR
Uganda
Ukraine
United Arab Emirates
United Kingdom
United States
United States of America
Uruguay
Vanuatu
Vatican
Vatican City
Venezuela
Vietnam
Viètnam
Wallis & Futuna
Wallis and Futuna
West Bank
West Germany
Western Sahara
Western Samoa
Yougoslavie
Yugoslavia
Yémen
Zaire
Zambia
Zambie
Zaïre
Zimbabwe
the Netherlands
Égypte
Équateur
États-Unis
Éthiopie
Île Clipperto
Île Europa
Île Howland
Île Jarvis
Île Juan de Nova
Île Navassa
Île Norfolk
Île Tromelin
Île de Man
Île de Noël
Île de Pâque
Île de Wake
Île de la Réunion
Îles
Îles Ashmore et Cartier
Îles Baker et Howland
Îles Bouvet
Îles Caïmans
Îles Cocos
Îles Cook
Îles Féroé
Îles Glorieuses
Îles Heard et  McDonald
Îles Malouines
Îles Marianne du nord
Îles Marshall
Îles Midway
Îles Pitcairn
Îles Salomon
Îles Spratly
Îles Turks et Caicos
Îles Vierges américaines
Îles Vierges britanniques
Îles de la mer de  Corail
Îles françaises
